
[1m[46m RUN [49m[22m [36mv4.0.16 [39m[90mC:/Users/rmonr/git/action_atlas/frontend[39m

 [32m✓[39m src/__tests__/Pwa.spec.js [2m([22m[2m7 tests[22m[2m)[22m[32m 4[2mms[22m[39m

[2m Test Files [22m [1m[32m1 passed[39m[22m[90m (1)[39m
[2m      Tests [22m [1m[32m7 passed[39m[22m[90m (7)[39m
[2m   Start at [22m 13:50:44
[2m   Duration [22m 156ms[2m (transform 15ms, setup 0ms, import 24ms, tests 4ms, environment 0ms)[22m

